[    0.000000] Initializing cgroup subsys cpuset
[    0.000000] Initializing cgroup subsys cpu
[    0.000000] Initializing cgroup subsys cpuacct
[    0.000000] Linux version 4.4.0-93-generic (buildd@lgw01-03) (gcc version 5.4.0 20160609 (Ubuntu 5.4.0-6ubuntu1~16.04.4) ) #116-Ubuntu SMP Fri Aug 11 21:17:51 UTC 2017 (Ubuntu 4.4.0-93.116-generic 4.4.79)
[    0.000000] Command line: BOOT_IMAGE=/boot/vmlinuz-4.4.0-93-generic root=LABEL=cloudimg-rootfs ro console=tty1 console=ttyS0
[    0.000000] KERNEL supported cpus:
[    0.000000]   Intel GenuineIntel
[    0.000000]   AMD AuthenticAMD
[    0.000000]   Centaur CentaurHauls
[    0.000000] ------------[ cut here ]------------
[    0.000000] WARNING: CPU: 0 PID: 0 at /build/linux-YyUNAI/linux-4.4.0/arch/x86/kernel/fpu/xstate.c:517 fpu__init_system_xstate+0x38b/0x75a()
[    0.000000] XSAVE consistency problem, dumping leaves
[    0.000000] Modules linked in:
[    0.000000] CPU: 0 PID: 0 Comm: swapper Not tainted 4.4.0-93-generic #116-Ubuntu
[    0.000000]  0000000000000086 04c7db6215cf29e0 ffffffff81e03d80 ffffffff813f9f83
[    0.000000]  ffffffff81e03dc8 ffffffff81caa428 ffffffff81e03db8 ffffffff810812f2
[    0.000000]  ffffffff81e03e48 ffffffff81e03e4c 0000000000000008 0000000000000100
[    0.000000] Call Trace:
[    0.000000]  [<ffffffff813f9f83>] dump_stack+0x63/0x90
[    0.000000]  [<ffffffff810812f2>] warn_slowpath_common+0x82/0xc0
[    0.000000]  [<ffffffff8108138c>] warn_slowpath_fmt+0x5c/0x80
[    0.000000]  [<ffffffff8107d000>] ? xfeature_size+0x59/0x77
[    0.000000]  [<ffffffff81f6e20b>] fpu__init_system_xstate+0x38b/0x75a
[    0.000000]  [<ffffffff81f5e120>] ? early_idt_handler_array+0x120/0x120
[    0.000000]  [<ffffffff81f6db76>] fpu__init_system+0x10d/0x245
[    0.000000]  [<ffffffff81f6ec7f>] early_cpu_init+0x139/0x13e
[    0.000000]  [<ffffffff81f6ec7f>] ? early_cpu_init+0x139/0x13e
[    0.000000]  [<ffffffff81f6a181>] setup_arch+0xb4/0xcf6
[    0.000000]  [<ffffffff81f5e120>] ? early_idt_handler_array+0x120/0x120
[    0.000000]  [<ffffffff81f5ec74>] start_kernel+0xe4/0x4a2
[    0.000000]  [<ffffffff81f5e120>] ? early_idt_handler_array+0x120/0x120
[    0.000000]  [<ffffffff81f5e339>] x86_64_start_reservations+0x2a/0x2c
[    0.000000]  [<ffffffff81f5e485>] x86_64_start_kernel+0x14a/0x16d
[    0.000000] ---[ end trace 4d5ff9f2f68c4233 ]---
[    0.000000] CPUID[0d, 00]: eax=00000007 ebx=00000440 ecx=00000440 edx=00000000
[    0.000000] CPUID[0d, 01]: eax=00000000 ebx=000003c0 ecx=00000000 edx=00000000
[    0.000000] CPUID[0d, 02]: eax=00000100 ebx=00000240 ecx=00000000 edx=00000000
[    0.000000] CPUID[0d, 03]: eax=00000000 ebx=00000000 ecx=00000000 edx=00000000
[    0.000000] CPUID[0d, 04]: eax=00000000 ebx=00000000 ecx=00000000 edx=00000000
[    0.000000] CPUID[0d, 05]: eax=00000000 ebx=00000000 ecx=00000000 edx=00000000
[    0.000000] CPUID[0d, 06]: eax=00000000 ebx=00000000 ecx=00000000 edx=00000000
[    0.000000] CPUID[0d, 07]: eax=00000000 ebx=00000000 ecx=00000000 edx=00000000
[    0.000000] CPUID[0d, 08]: eax=00000000 ebx=00000000 ecx=00000000 edx=00000000
[    0.000000] CPUID[0d, 09]: eax=00000000 ebx=00000000 ecx=00000000 edx=00000000
[    0.000000] CPUID[0d, 0a]: eax=00000000 ebx=00000000 ecx=00000000 edx=00000000
[    0.000000] CPUID[0d, 0b]: eax=00000000 ebx=00000000 ecx=00000000 edx=00000000
[    0.000000] CPUID[0d, 0c]: eax=00000000 ebx=00000000 ecx=00000000 edx=00000000
[    0.000000] CPUID[0d, 0d]: eax=00000000 ebx=00000000 ecx=00000000 edx=00000000
[    0.000000] CPUID[0d, 0e]: eax=00000000 ebx=00000000 ecx=00000000 edx=00000000
[    0.000000] CPUID[0d, 0f]: eax=00000000 ebx=00000000 ecx=00000000 edx=00000000
[    0.000000] CPUID[0d, 10]: eax=00000000 ebx=00000000 ecx=00000000 edx=00000000
[    0.000000] CPUID[0d, 11]: eax=00000000 ebx=00000000 ecx=00000000 edx=00000000
[    0.000000] x86/fpu: xstate_offset[2]:  576, xstate_sizes[2]:  256
[    0.000000] x86/fpu: Supporting XSAVE feature 0x01: 'x87 floating point registers'
[    0.000000] x86/fpu: Supporting XSAVE feature 0x02: 'SSE registers'
[    0.000000] x86/fpu: Supporting XSAVE feature 0x04: 'AVX registers'
[    0.000000] x86/fpu: Enabled xstate features 0x7, context size is 1088 bytes, using 'standard' format.
[    0.000000] x86/fpu: Using 'lazy' FPU context switches.
[    0.000000] e820: BIOS-provided physical RAM map:
[    0.000000] BIOS-e820: [mem 0x0000000000000000-0x000000000009fbff] usable
[    0.000000] BIOS-e820: [mem 0x000000000009fc00-0x000000000009ffff] reserved
[    0.000000] BIOS-e820: [mem 0x00000000000f0000-0x00000000000fffff] reserved
[    0.000000] BIOS-e820: [mem 0x0000000000100000-0x000000003ffeffff] usable
[    0.000000] BIOS-e820: [mem 0x000000003fff0000-0x000000003fffffff] ACPI data
[    0.000000] BIOS-e820: [mem 0x00000000fec00000-0x00000000fec00fff] reserved
[    0.000000] BIOS-e820: [mem 0x00000000fee00000-0x00000000fee00fff] reserved
[    0.000000] BIOS-e820: [mem 0x00000000fffc0000-0x00000000ffffffff] reserved
[    0.000000] NX (Execute Disable) protection: active
[    0.000000] SMBIOS 2.5 present.
[    0.000000] Hypervisor detected: KVM
[    0.000000] e820: last_pfn = 0x3fff0 max_arch_pfn = 0x400000000
[    0.000000] MTRR: Disabled
[    0.000000] x86/PAT: MTRRs disabled, skipping PAT initialization too.
[    0.000000] CPU MTRRs all blank - virtualized system.
[    0.000000] x86/PAT: Configuration [0-7]: WB  WT  UC- UC  WB  WT  UC- UC  
[    0.000000] found SMP MP-table at [mem 0x0009fff0-0x0009ffff] mapped at [ffff88000009fff0]
[    0.000000] Scanning 1 areas for low memory corruption
[    0.000000] RAMDISK: [mem 0x36ac4000-0x37559fff]
[    0.000000] ACPI: Early table checksum verification disabled
[    0.000000] ACPI: RSDP 0x00000000000E0000 000024 (v02 VBOX  )
[    0.000000] ACPI: XSDT 0x000000003FFF0030 00003C (v01 VBOX   VBOXXSDT 00000001 ASL  00000061)
[    0.000000] ACPI: FACP 0x000000003FFF00F0 0000F4 (v04 VBOX   VBOXFACP 00000001 ASL  00000061)
[    0.000000] ACPI: DSDT 0x000000003FFF0470 0021FF (v02 VBOX   VBOXBIOS 00000002 INTL 20100528)
[    0.000000] ACPI: FACS 0x000000003FFF0200 000040
[    0.000000] ACPI: FACS 0x000000003FFF0200 000040
[    0.000000] ACPI: APIC 0x000000003FFF0240 00005C (v02 VBOX   VBOXAPIC 00000001 ASL  00000061)
[    0.000000] ACPI: SSDT 0x000000003FFF02A0 0001CC (v01 VBOX   VBOXCPUT 00000002 INTL 20100528)
[    0.000000] No NUMA configuration found
[    0.000000] Faking a node at [mem 0x0000000000000000-0x000000003ffeffff]
[    0.000000] NODE_DATA(0) allocated [mem 0x3ffeb000-0x3ffeffff]
[    0.000000] kvm-clock: Using msrs 4b564d01 and 4b564d00
[    0.000000] kvm-clock: cpu 0, msr 0:3ffe3001, primary cpu clock
[    0.000000] kvm-clock: using sched offset of 3829410794 cycles
[    0.000000] clocksource: kvm-clock: mask: 0xffffffffffffffff max_cycles: 0x1cd42e4dffb, max_idle_ns: 881590591483 ns
[    0.000000] Zone ranges:
[    0.000000]   DMA      [mem 0x0000000000001000-0x0000000000ffffff]
[    0.000000]   DMA32    [mem 0x0000000001000000-0x000000003ffeffff]
[    0.000000]   Normal   empty
[    0.000000]   Device   empty
[    0.000000] Movable zone start for each node
[    0.000000] Early memory node ranges
[    0.000000]   node   0: [mem 0x0000000000001000-0x000000000009efff]
[    0.000000]   node   0: [mem 0x0000000000100000-0x000000003ffeffff]
[    0.000000] Initmem setup node 0 [mem 0x0000000000001000-0x000000003ffeffff]
[    0.000000] ACPI: PM-Timer IO Port: 0x4008
[    0.000000] IOAPIC[0]: apic_id 2, version 32, address 0xfec00000, GSI 0-23
[    0.000000] ACPI: INT_SRC_OVR (bus 0 bus_irq 0 global_irq 2 dfl dfl)
[    0.000000] ACPI: INT_SRC_OVR (bus 0 bus_irq 9 global_irq 9 high level)
[    0.000000] Using ACPI (MADT) for SMP configuration information
[    0.000000] smpboot: Allowing 2 CPUs, 0 hotplug CPUs
[    0.000000] PM: Registered nosave memory: [mem 0x00000000-0x00000fff]
[    0.000000] PM: Registered nosave memory: [mem 0x0009f000-0x0009ffff]
[    0.000000] PM: Registered nosave memory: [mem 0x000a0000-0x000effff]
[    0.000000] PM: Registered nosave memory: [mem 0x000f0000-0x000fffff]
[    0.000000] e820: [mem 0x40000000-0xfebfffff] available for PCI devices
[    0.000000] Booting paravirtualized kernel on KVM
[    0.000000] clocksource: refined-jiffies: mask: 0xffffffff max_cycles: 0xffffffff, max_idle_ns: 7645519600211568 ns
[    0.000000] setup_percpu: NR_CPUS:512 nr_cpumask_bits:512 nr_cpu_ids:2 nr_node_ids:1
[    0.000000] PERCPU: Embedded 34 pages/cpu @ffff88003fc00000 s98328 r8192 d32744 u1048576
[    0.000000] PV qspinlock hash table entries: 256 (order: 0, 4096 bytes)
[    0.000000] Built 1 zonelists in Node order, mobility grouping on.  Total pages: 257913
[    0.000000] Policy zone: DMA32
[    0.000000] Kernel command line: BOOT_IMAGE=/boot/vmlinuz-4.4.0-93-generic root=LABEL=cloudimg-rootfs ro console=tty1 console=ttyS0
[    0.000000] PID hash table entries: 4096 (order: 3, 32768 bytes)
[    0.000000] Memory: 1001724K/1048120K available (8479K kernel code, 1294K rwdata, 3984K rodata, 1492K init, 1316K bss, 46396K reserved, 0K cma-reserved)
[    0.000000] SLUB: HWalign=64, Order=0-3, MinObjects=0, CPUs=2, Nodes=1
[    0.000000] Hierarchical RCU implementation.
[    0.000000] 	Build-time adjustment of leaf fanout to 64.
[    0.000000] 	RCU restricting CPUs from NR_CPUS=512 to nr_cpu_ids=2.
[    0.000000] RCU: Adjusting geometry for rcu_fanout_leaf=64, nr_cpu_ids=2
[    0.000000] NR_IRQS:33024 nr_irqs:440 16
[    0.000000] Console: colour VGA+ 80x25
[    0.000000] console [tty1] enabled
[    0.000000] console [ttyS0] enabled
[    0.000000] tsc: Detected 2495.996 MHz processor
[    4.330715] Calibrating delay loop (skipped) preset value.. 4991.99 BogoMIPS (lpj=9983984)
[    4.401979] pid_max: default: 32768 minimum: 301
[    4.466445] ACPI: Core revision 20150930
[    4.507521] ACPI: 2 ACPI AML tables successfully acquired and loaded
[    4.571799] Security Framework initialized
[    4.626778] Yama: becoming mindful.
[    4.668977] AppArmor: AppArmor initialized
[    4.703431] Dentry cache hash table entries: 131072 (order: 8, 1048576 bytes)
[    4.728374] Inode-cache hash table entries: 65536 (order: 7, 524288 bytes)
[    4.794698] Mount-cache hash table entries: 2048 (order: 2, 16384 bytes)
[    4.872279] Mountpoint-cache hash table entries: 2048 (order: 2, 16384 bytes)
[    4.983241] Initializing cgroup subsys io
[    5.034982] Initializing cgroup subsys memory
[    5.047361] Initializing cgroup subsys devices
[    5.059956] Initializing cgroup subsys freezer
[    5.100739] Initializing cgroup subsys net_cls
[    5.143914] Initializing cgroup subsys perf_event
[    5.156965] Initializing cgroup subsys net_prio
[    5.161807] Initializing cgroup subsys hugetlb
[    5.179151] Initializing cgroup subsys pids
[    5.199111] CPU: Physical Processor ID: 0
[    5.213329] CPU: Processor Core ID: 0
[    5.249017] mce: CPU supports 0 MCE banks
[    5.283311] Last level iTLB entries: 4KB 64, 2MB 8, 4MB 8
[    5.358653] Last level dTLB entries: 4KB 64, 2MB 0, 4MB 0, 1GB 4
[    5.498036] Freeing SMP alternatives memory: 32K (ffffffff820ba000 - ffffffff820c2000)
[    5.524080] ftrace: allocating 32136 entries in 126 pages
[    5.658846] smpboot: APIC(0) Converting physical 0 to logical package 0
[    5.669064] smpboot: Max logical packages: 1
[    5.674767] x2apic enabled
[    5.708008] Switched APIC routing to physical x2apic.
[    5.752934] ..TIMER: vector=0x30 apic1=0 pin1=2 apic2=-1 pin2=-1
[    5.866654] smpboot: CPU0: Intel(R) Core(TM) i5-6300U CPU @ 2.40GHz (family: 0x6, model: 0x4e, stepping: 0x3)
[    5.969010] Performance Events: unsupported p6 CPU model 78 no PMU driver, software events only.
[    5.984227] KVM setup paravirtual spinlock
[    6.004197] x86: Booting SMP configuration:
[    6.017875] .... node  #0, CPUs:      #1
[    6.019797] kvm-clock: cpu 1, msr 0:3ffe3041, secondary cpu clock
[    6.029987] mce: CPU supports 0 MCE banks
[    6.034720] x86: Booted up 1 node, 2 CPUs
[    6.064991] smpboot: Total of 2 processors activated (9983.98 BogoMIPS)
[    6.207060] devtmpfs: initialized
[    6.262158] evm: security.selinux
[    6.307783] evm: security.SMACK64
[    6.312824] evm: security.SMACK64EXEC
[    6.343321] evm: security.SMACK64TRANSMUTE
[    6.381324] evm: security.SMACK64MMAP
[    6.455679] evm: security.ima
[    6.514602] evm: security.capability
[    6.522170] clocksource: jiffies: mask: 0xffffffff max_cycles: 0xffffffff, max_idle_ns: 7645041785100000 ns
[    6.617107] futex hash table entries: 512 (order: 3, 32768 bytes)
[    6.625201] pinctrl core: initialized pinctrl subsystem
[    6.712067] RTC time:  5:29:49, date: 01/23/18
[    6.795648] NET: Registered protocol family 16
[    6.864653] cpuidle: using governor ladder
[    6.912788] cpuidle: using governor menu
[    6.969314] PCCT header not found.
[    7.018119] ACPI: bus type PCI registered
[    7.098618] acpiphp: ACPI Hot Plug PCI Controller Driver version: 0.5
[    7.185043] PCI: Using configuration type 1 for base access
[    7.264636] ACPI: Added _OSI(Module Device)
[    7.331144] ACPI: Added _OSI(Processor Device)
[    7.386188] ACPI: Added _OSI(3.0 _SCP Extensions)
[    7.408086] ACPI: Added _OSI(Processor Aggregator Device)
[    7.430113] ACPI: Executed 1 blocks of module-level executable AML code
[    7.490503] ACPI: Interpreter enabled
[    7.539261] ACPI: (supports S0 S5)
[    7.600217] ACPI: Using IOAPIC for interrupt routing
[    7.616090] PCI: Using host bridge windows from ACPI; if necessary, use "pci=nocrs" and report a bug
[    7.621354] ACPI: PCI Root Bridge [PCI0] (domain 0000 [bus 00-ff])
[    7.650277] acpi PNP0A03:00: _OSC: OS supports [ASPM ClockPM Segments MSI]
[    7.771049] acpi PNP0A03:00: _OSC: not requesting OS control; OS requires [ExtendedConfig ASPM ClockPM MSI]
[    7.864423] acpi PNP0A03:00: fail to add MMCONFIG information, can't access extended PCI configuration space under this bridge.
[    7.912509] PCI host bridge to bus 0000:00
[    7.966005] pci_bus 0000:00: root bus resource [io  0x0000-0x0cf7 window]
[    8.024041] pci_bus 0000:00: root bus resource [io  0x0d00-0xffff window]
[    8.093930] pci_bus 0000:00: root bus resource [mem 0x000a0000-0x000bffff window]
[    8.115954] pci_bus 0000:00: root bus resource [mem 0x40000000-0xffdfffff window]
[    8.252161] pci_bus 0000:00: root bus resource [bus 00-ff]
[    8.347418] pci 0000:00:01.1: legacy IDE quirk: reg 0x10: [io  0x01f0-0x01f7]
[    8.439628] pci 0000:00:01.1: legacy IDE quirk: reg 0x14: [io  0x03f6]
[    8.530546] pci 0000:00:01.1: legacy IDE quirk: reg 0x18: [io  0x0170-0x0177]
[    8.598144] pci 0000:00:01.1: legacy IDE quirk: reg 0x1c: [io  0x0376]
[    8.678124] pci 0000:00:07.0: quirk: [io  0x4000-0x403f] claimed by PIIX4 ACPI
[    8.841270] pci 0000:00:07.0: quirk: [io  0x4100-0x410f] claimed by PIIX4 SMB
[    8.900477] ACPI: PCI Interrupt Link [LNKA] (IRQs 5 9 10 *11)
[    8.967263] ACPI: PCI Interrupt Link [LNKB] (IRQs 5 9 10 *11)
[    9.050151] ACPI: PCI Interrupt Link [LNKC] (IRQs 5 9 *10 11)
[    9.057866] ACPI: PCI Interrupt Link [LNKD] (IRQs 5 *9 10 11)
[    9.120972] ACPI: Enabled 2 GPEs in block 00 to 07
[    9.143005] vgaarb: setting as boot device: PCI:0000:00:02.0
[    9.162249] vgaarb: device added: PCI:0000:00:02.0,decodes=io+mem,owns=io+mem,locks=none
[    9.175493] vgaarb: loaded
[    9.180319] vgaarb: bridge control possible 0000:00:02.0
[    9.231877] SCSI subsystem initialized
[    9.251044] ACPI: bus type USB registered
[    9.266122] usbcore: registered new interface driver usbfs
[    9.272289] usbcore: registered new interface driver hub
[    9.276683] usbcore: registered new device driver usb
[    9.292779] PCI: Using ACPI for IRQ routing
[    9.330767] NetLabel: Initializing
[    9.352852] NetLabel:  domain hash size = 128
[    9.371187] NetLabel:  protocols = UNLABELED CIPSOv4
[    9.374286] NetLabel:  unlabeled traffic allowed by default
[    9.378174] amd_nb: Cannot enumerate AMD northbridges
[    9.387339] clocksource: Switched to clocksource kvm-clock
[    9.442998] AppArmor: AppArmor Filesystem Enabled
[    9.553901] pnp: PnP ACPI init
[    9.555421] pnp: PnP ACPI: found 3 devices
[    9.565586] clocksource: acpi_pm: mask: 0xffffff max_cycles: 0xffffff, max_idle_ns: 2085701024 ns
[    9.700388] NET: Registered protocol family 2
[    9.819248] TCP established hash table entries: 8192 (order: 4, 65536 bytes)
[    9.999869] TCP bind hash table entries: 8192 (order: 5, 131072 bytes)
[   10.001340] TCP: Hash tables configured (established 8192 bind 8192)
[   10.002451] UDP hash table entries: 512 (order: 2, 16384 bytes)
[   10.003454] UDP-Lite hash table entries: 512 (order: 2, 16384 bytes)
[   10.004620] NET: Registered protocol family 1
[   10.005488] pci 0000:00:00.0: Limiting direct PCI/PCI transfers
[   10.093737] pci 0000:00:01.0: Activating ISA DMA hang workarounds
[   10.224229] Unpacking initramfs...
[   12.401588] Freeing initrd memory: 10840K (ffff880036ac4000 - ffff88003755a000)
[   12.438192] platform rtc_cmos: registered platform RTC device (no PNP device found)
[   12.447590] Scanning for low memory corruption every 60 seconds
[   12.480662] audit: initializing netlink subsys (disabled)
[   12.511439] audit: type=2000 audit(1516685392.004:1): initialized
[   12.551884] Initialise system trusted keyring
[   12.555340] HugeTLB registered 2 MB page size, pre-allocated 0 pages
[   12.601172] zbud: loaded
[   12.610801] VFS: Disk quotas dquot_6.6.0
[   12.630023] VFS: Dquot-cache hash table entries: 512 (order 0, 4096 bytes)
[   12.632924] squashfs: version 4.0 (2009/01/31) Phillip Lougher
[   12.634377] fuse init (API version 7.23)
[   12.635293] Key type big_key registered
[   12.636226] Allocating IMA MOK and blacklist keyrings.
[   12.678694] Key type asymmetric registered
[   12.701640] Asymmetric key parser 'x509' registered
[   12.762593] Block layer SCSI generic (bsg) driver version 0.4 loaded (major 249)
[   12.842798] io scheduler noop registered
[   12.853011] io scheduler deadline registered (default)
[   12.890178] io scheduler cfq registered
[   12.913493] pci_hotplug: PCI Hot Plug PCI Core version: 0.5
[   12.925460] pciehp: PCI Express Hot Plug Controller Driver version: 0.4
[   12.952592] ACPI: AC Adapter [AC] (on-line)
[   12.955115] input: Power Button as /devices/LNXSYSTM:00/LNXPWRBN:00/input/input0
[   12.969432] ACPI: Power Button [PWRF]
[   12.993502] input: Sleep Button as /devices/LNXSYSTM:00/LNXSLPBN:00/input/input1
[   13.016094] ACPI: Sleep Button [SLPF]
[   13.021636] ACPI: Battery Slot [BAT0] (battery present)
[   13.035006] GHES: HEST is not enabled!
[   13.050725] Serial: 8250/16550 driver, 32 ports, IRQ sharing enabled
[   13.075809] 00:02: ttyS0 at I/O 0x3f8 (irq = 4, base_baud = 115200) is a 16550A
[   13.111091] Linux agpgart interface v0.103
[   13.163975] loop: module loaded
[   13.174087] scsi host0: ata_piix
[   13.220445] scsi host1: ata_piix
[   13.264534] ata1: PATA max UDMA/33 cmd 0x1f0 ctl 0x3f6 bmdma 0xd000 irq 14
[   13.364345] ata2: PATA max UDMA/33 cmd 0x170 ctl 0x376 bmdma 0xd008 irq 15
[   13.444787] tsc: Refined TSC clocksource calibration: 2497.784 MHz
[   13.447289] clocksource: tsc: mask: 0xffffffffffffffff max_cycles: 0x24010c7bd21, max_idle_ns: 440795255269 ns
[   13.450935] libphy: Fixed MDIO Bus: probed
[   13.459500] tun: Universal TUN/TAP device driver, 1.6
[   13.468677] tun: (C) 1999-2004 Max Krasnyansky <maxk@qualcomm.com>
[   13.469985] PPP generic driver version 2.4.2
[   13.470879] ehci_hcd: USB 2.0 'Enhanced' Host Controller (EHCI) Driver
[   13.473768] ehci-pci: EHCI PCI platform driver
[   13.479151] ehci-platform: EHCI generic platform driver
[   13.480644] ohci_hcd: USB 1.1 'Open' Host Controller (OHCI) Driver
[   13.581238] ohci-pci: OHCI PCI platform driver
[   13.606243] ohci-platform: OHCI generic platform driver
[   13.679619] uhci_hcd: USB Universal Host Controller Interface driver
[   13.730419] i8042: PNP: PS/2 Controller [PNP0303:PS2K,PNP0f03:PS2M] at 0x60,0x64 irq 1,12
[   13.853877] serio: i8042 KBD port at 0x60,0x64 irq 1
[   13.953111] serio: i8042 AUX port at 0x60,0x64 irq 12
[   14.008416] mousedev: PS/2 mouse device common for all mice
[   14.018029] rtc_cmos rtc_cmos: rtc core: registered rtc_cmos as rtc0
[   14.088666] rtc_cmos rtc_cmos: alarms up to one day, 114 bytes nvram
[   14.088731] input: AT Translated Set 2 keyboard as /devices/platform/i8042/serio0/input/input2
[   14.425720] i2c /dev entries driver
[   14.431913] device-mapper: uevent: version 1.0.3
[   14.445316] device-mapper: ioctl: 4.34.0-ioctl (2015-10-28) initialised: dm-devel@redhat.com
[   14.451094] ledtrig-cpu: registered to indicate activity on CPUs
[   14.483802] NET: Registered protocol family 10
[   14.515979] NET: Registered protocol family 17
[   14.525562] Key type dns_resolver registered
[   14.541065] microcode: CPU0 sig=0x406e3, pf=0x2, revision=0x0
[   14.552557] microcode: CPU1 sig=0x406e3, pf=0x2, revision=0x0
[   14.566857] microcode: Microcode Update Driver: v2.01 <tigran@aivazian.fsnet.co.uk>, Peter Oruba
[   14.596953] registered taskstats version 1
[   14.600040] Loading compiled-in X.509 certificates
[   14.602218] Loaded X.509 cert 'Build time autogenerated kernel key: a6f98c496ad22cf23b77f8fe21ff88c41791cbd4'
[   14.613182] zswap: loaded using pool lzo/zbud
[   14.634318] Key type trusted registered
[   14.646023] Key type encrypted registered
[   14.652849] AppArmor: AppArmor sha1 policy hashing enabled
[   14.668992] ima: No TPM chip found, activating TPM-bypass!
[   14.678890] evm: HMAC attrs: 0x1
[   14.681546]   Magic number: 2:152:467
[   14.702186] rtc_cmos rtc_cmos: setting system clock to 2018-01-23 05:29:57 UTC (1516685397)
[   14.712703] BIOS EDD facility v0.16 2004-Jun-25, 0 devices found
[   14.746278] EDD information not available.
[   14.763025] Freeing unused kernel memory: 1492K (ffffffff81f45000 - ffffffff820ba000)
[   14.773773] Write protecting the kernel read-only data: 14336k
[   14.781757] Freeing unused kernel memory: 1748K (ffff88000184b000 - ffff880001a00000)
[   14.814211] Freeing unused kernel memory: 112K (ffff880001de4000 - ffff880001e00000)
Loading, please wait...
[   14.828312] random: systemd-udevd: uninitialized urandom read (16 bytes read, 5 bits of entropy available)
starting version 229
[   14.829006] random: udevadm: uninitialized urandom read (16 bytes read, 5 bits of entropy available)
[   14.829038] random: udevadm: uninitialized urandom read (16 bytes read, 5 bits of entropy available)
[   14.829135] random: udevadm: uninitialized urandom read (16 bytes read, 5 bits of entropy available)
[   14.829169] random: udevadm: uninitialized urandom read (16 bytes read, 5 bits of entropy available)
[   14.829205] random: udevadm: uninitialized urandom read (16 bytes read, 5 bits of entropy available)
[   14.829241] random: udevadm: uninitialized urandom read (16 bytes read, 5 bits of entropy available)
[   14.829273] random: udevadm: uninitialized urandom read (16 bytes read, 5 bits of entropy available)
[   14.829305] random: udevadm: uninitialized urandom read (16 bytes read, 5 bits of entropy available)
[   14.829338] random: udevadm: uninitialized urandom read (16 bytes read, 5 bits of entropy available)
[   15.189941] e1000: Intel(R) PRO/1000 Network Driver - version 7.3.21-k8-NAPI
[   15.256981] e1000: Copyright (c) 1999-2006 Intel Corporation.
[   15.326191] AVX version of gcm_enc/dec engaged.
[   15.334226] Fusion MPT base driver 3.04.20
[   15.334226] Copyright (c) 1999-2008 LSI Corporation
[   15.345275] AES CTR mode by8 optimization enabled
[   15.382450] Fusion MPT SPI Host driver 3.04.20
[   15.580207] input: ImExPS/2 Generic Explorer Mouse as /devices/platform/i8042/serio1/input/input4
[   15.723223] e1000 0000:00:03.0 eth0: (PCI:33MHz:32-bit) 02:04:e4:df:e4:d8
[   15.773636] e1000 0000:00:03.0 eth0: Intel(R) PRO/1000 Network Connection
[   15.864122] e1000 0000:00:03.0 enp0s3: renamed from eth0
[   15.942361] mptbase: ioc0: Initiating bringup
[   16.060358] ioc0: LSI53C1030 A0: Capabilities={Initiator}
[   16.313997] scsi host2: ioc0: LSI53C1030 A0, FwRev=00000000h, Ports=1, MaxQ=256, IRQ=20
[   16.456721] scsi 2:0:0:0: Direct-Access     VBOX     HARDDISK         1.0  PQ: 0 ANSI: 5
[   16.520712] scsi target2:0:0: Beginning Domain Validation
[   16.642700] scsi target2:0:0: Domain Validation skipping write tests
[   16.842544] scsi target2:0:0: Ending Domain Validation
[   16.924148] scsi target2:0:0: asynchronous
[   17.032703] scsi 2:0:1:0: Direct-Access     VBOX     HARDDISK         1.0  PQ: 0 ANSI: 5
[   17.275690] scsi target2:0:1: Beginning Domain Validation
[   17.380712] scsi target2:0:1: Domain Validation skipping write tests
[   17.522638] scsi target2:0:1: Ending Domain Validation
[   17.649305] scsi target2:0:1: asynchronous
[   17.732331] sd 2:0:0:0: Attached scsi generic sg0 type 0
[   17.800644] sd 2:0:0:0: [sda] 20971520 512-byte logical blocks: (10.7 GB/10.0 GiB)
[   17.890724] sd 2:0:0:0: [sda] Write Protect is off
[   17.944297] sd 2:0:1:0: Attached scsi generic sg1 type 0
[   17.952548] sd 2:0:1:0: [sdb] 20480 512-byte logical blocks: (10.5 MB/10.0 MiB)
[   17.952637] sd 2:0:0:0: [sda] Incomplete mode parameter data
[   17.952638] sd 2:0:0:0: [sda] Assuming drive cache: write through
[   18.076882]  sda: sda1
[   18.077481] sd 2:0:0:0: [sda] Attached SCSI disk
[   18.254215] sd 2:0:1:0: [sdb] Write Protect is off
[   18.339473] floppy0: no floppy controllers found
[   18.351312] sd 2:0:1:0: [sdb] Incomplete mode parameter data
[   18.457982] sd 2:0:1:0: [sdb] Assuming drive cache: write through
[   18.525392] sd 2:0:1:0: [sdb] Attached SCSI disk
Begin: Loading essential drivers ... [   20.080118] md: linear personality registered for level -1
[   20.125447] md: multipath personality registered for level -4
[   20.168476] md: raid0 personality registered for level 0
[   20.281179] md: raid1 personality registered for level 1
[   20.423504] raid6: sse2x1   gen()  6953 MB/s
[   20.555981] raid6: sse2x1   xor()  4980 MB/s
[   20.695363] raid6: sse2x2   gen()  8485 MB/s
[   20.835707] raid6: sse2x2   xor()  6505 MB/s
[   20.999576] raid6: sse2x4   gen() 10708 MB/s
[   21.143827] raid6: sse2x4   xor()  7276 MB/s
[   21.188560] raid6: using algorithm sse2x4 gen() 10708 MB/s
[   21.281213] raid6: .... xor() 7276 MB/s, rmw enabled
[   21.309253] raid6: using ssse3x2 recovery algorithm
[   21.390544] xor: automatically using best checksumming function:
[   21.511370]    avx       : 18752.000 MB/sec
[   21.603112] async_tx: api initialized (async)
[   21.671411] md: raid6 personality registered for level 6
[   21.721633] md: raid5 personality registered for level 5
[   21.783464] md: raid4 personality registered for level 4
[   21.804616] md: raid10 personality registered for level 10
done.
Begin: Running /scripts/init-premount ... done.
Begin: Mounting root file system ... Begin: Running /scripts/local-top ... done.
Begin: Running /scripts/local-premount ... [   21.884898] Btrfs loaded
Scanning for Btrfs filesystems
done.
Warning: fsck no[   21.976426] EXT4-fs (sda1): mounted filesystem with ordered data mode. Opts: (null)
t present, so skipping root file system
done.
Begin: Running /scripts/local-bottom ... done.
Begin: Running /scripts/init-bottom ... done.
[   22.088843] systemd[1]: systemd 229 running in system mode. (+PAM +AUDIT +SELINUX +IMA +APPARMOR +SMACK +SYSVINIT +UTMP +LIBCRYPTSETUP +GCRYPT +GNUTLS +ACL +XZ -LZ4 +SECCOMP +BLKID +ELFUTILS +KMOD -IDN)
[   22.301471] systemd[1]: Detected virtualization oracle.
[   22.400291] systemd[1]: Detected architecture x86-64.

Welcome to [1mUbuntu 16.04.3 LTS[0m!

[   22.533084] systemd[1]: Set hostname to <ubuntu>.
[   22.643507] systemd[1]: Initializing machine ID from random generator.
[   22.731944] systemd[1]: Installed transient /etc/machine-id file.
[   22.871114] systemd[1]: Set up automount Arbitrary Executable File Formats File System Automount Point.
[[0;32m  OK  [0m] Set up automount Arbitrary Executab...ats File System Automount Point.
[   22.959974] systemd[1]: Listening on Journal Socket.
[[0;32m  OK  [0m] Listening on Journal Socket.
[   23.016071] systemd[1]: Listening on LVM2 metadata daemon socket.
[[0;32m  OK  [0m] Listening on LVM2 metadata daemon socket.
[   23.148226] systemd[1]: Reached target Encrypted Volumes.
[[0;32m  OK  [0m] Reached target Encrypted Volumes.
[   23.392383] systemd[1]: Listening on LVM2 poll daemon socket.
[[0;32m  OK  [0m] Listening on LVM2 poll daemon socket.
[   23.497005] systemd[1]: Started Trigger resolvconf update for networkd DNS.
[[0;32m  OK  [0m] Started Trigger resolvconf update for networkd DNS.
[   23.772104] systemd[1]: Listening on Journal Socket (/dev/log).
[[0;32m  OK  [0m] Listening on Journal Socket (/dev/log).
[   23.930630] systemd[1]: Started Forward Password Requests to Wall Directory Watch.
[[0;32m  OK  [0m] Started Forward Password Requests to Wall Directory Watch.
[   23.981409] systemd[1]: Listening on /dev/initctl Compatibility Named Pipe.
[[0;32m  OK  [0m] Listening on /dev/initctl Compatibility Named Pipe.
[   24.259780] systemd[1]: Listening on udev Control Socket.
[[0;32m  OK  [0m] Listening on udev Control Socket.
[   24.484223] systemd[1]: Reached target User and Group Name Lookups.
[[0;32m  OK  [0m] Reached target User and Group Name Lookups.
[   24.724410] systemd[1]: Reached target Swap.
[[0;32m  OK  [0m] Reached target Swap.
[   24.880546] systemd[1]: Listening on Device-mapper event daemon FIFOs.
[[0;32m  OK  [0m] Listening on Device-mapper event daemon FIFOs.
[   25.047986] systemd[1]: Created slice System Slice.
[[0;32m  OK  [0m] Created slice System Slice.
[   25.208261] systemd[1]: Starting Set console keymap...
[   25.240480] random: nonblocking pool is initialized
         Starting Set console keymap...
[   25.295535] systemd[1]: Mounting Huge Pages File System...
         Mounting Huge Pages File System...
[   25.355633] systemd[1]: Starting Nameserver information manager...
         Starting Nameserver information manager...
[   25.428019] systemd[1]: Mounting Debug File System...
         Mounting Debug File System...
[   25.476324] systemd[1]: Mounting POSIX Message Queue File System...
         Mounting POSIX Message Queue File System...
[   25.551852] systemd[1]: Starting Remount Root and Kernel File Systems...
[   25.561375] EXT4-fs (sda1): re-mounted. Opts: (null)
         Starting Remount Root and Kernel File Systems...
[   25.779882] systemd[1]: Listening on Syslog Socket.
[[0;32m  OK  [0m] Listening on Syslog Socket.
[   25.912543] systemd[1]: Starting Load Kernel Modules...
[   25.933356] Loading iSCSI transport class v2.0-870.
         Starting Load Kernel Modules...
[   26.052357] iscsi: registered transport (tcp)
[   26.168431] systemd[1]: Listening on udev Kernel Socket.
[[0;32m  OK  [0m] Listening on udev Kernel Socket.
[   26.297115] iscsi: registered transport (iser)
[   26.319624] systemd[1]: Starting Monitoring of LVM2 mirrors, snapshots etc. using dmeventd or progress polling...
         Starting Monitoring of LVM2 mirrors... dmeventd or progress polling...
[   26.441490] systemd[1]: Created slice User and Session Slice.
[[0;32m  OK  [0m] Created slice User and Session Slice.
[   26.704200] systemd[1]: Listening on Journal Audit Socket.
[[0;32m  OK  [0m] Listening on Journal Audit Socket.
[   26.959780] systemd[1]: Starting Journal Service...
         Starting Journal Service...
[   27.074054] systemd[1]: Created slice system-serial\x2dgetty.slice.
[[0;32m  OK  [0m] Created slice system-serial\x2dgetty.slice.
[   27.264330] systemd[1]: Starting Create list of required static device nodes for the current kernel...
         Starting Create list of required st... nodes for the current kernel...
[   27.364112] systemd[1]: Starting Uncomplicated firewall...
         Starting Uncomplicated firewall...
[   27.512440] systemd[1]: Reached target Slices.
[[0;32m  OK  [0m] Reached target Slices.
[   27.633697] systemd[1]: Mounted Huge Pages File System.
[[0;32m  OK  [0m] Mounted Huge Pages File System.
[   27.764220] systemd[1]: Mounted POSIX Message Queue File System.
[[0;32m  OK  [0m] Mounted POSIX Message Queue File System.
[   27.956257] systemd[1]: Mounted Debug File System.
[[0;32m  OK  [0m] Mounted Debug File System.
[   28.092245] systemd[1]: Started Journal Service.
[[0;32m  OK  [0m] Started Journal Service.
[[0;32m  OK  [0m] Started Set console keymap.
[[0;32m  OK  [0m] Started Remount Root and Kernel File Systems.
[[0;32m  OK  [0m] Started Load Kernel Modules.
[[0;32m  OK  [0m] Started Create list of required sta...ce nodes for the current kernel.
[[0;32m  OK  [0m] Started Uncomplicated firewall.
[[0;32m  OK  [0m] Started Nameserver information manager.
[[0;32m  OK  [0m] Started LVM2 metadata daemon.
         Starting Create Static Device Nodes in /dev...
         Starting Apply Kernel Variables...
         Mounting FUSE Control File System...
         Starting Initial cloud-init job (pre-networking)...
         Starting Load/Save Random Seed...
         Starting udev Coldplug all Devices...
         Starting Flush Journal to Persistent Storage...
[[0;32m  OK  [0m] Mounted FUSE Control File System.
[[0;32m  OK  [0m] Started Monitoring of LVM2 mirrors,...ng dmeventd or progress polling.
[[0;32m  OK  [0m] Started Create Static Device Nodes in /dev.
[[0;32m  OK  [0m] Started Apply Kernel Variables.
[[0;32m  OK  [0m] Started Load/Save Random Seed.
[[0;32m  OK  [0m] Started udev Coldplug all Devices.
[[0;32m  OK  [0m] Started Flush Journal to Persistent Storage.
         Starting udev Kernel Device Manager...
[[0;32m  OK  [0m] Started udev Kernel Device Manager.
[[0;32m  OK  [0m] Reached target Local File Systems (Pre).
[[0;32m  OK  [0m] Reached target Local File Systems.
         Starting Tell Plymouth To Write Out Runtime Data...
         Starting LSB: AppArmor initialization...
         Starting Set console font and keymap...
         Starting Create Volatile Files and Directories...
         Starting Commit a transient machine-id on disk...
[[0;32m  OK  [0m] Started Dispatch Password Requests to Console Directory Watch.
[[0;32m  OK  [0m] Started Tell Plymouth To Write Out Runtime Data.
[[0;32m  OK  [0m] Started Create Volatile Files and Directories.
[[0;32m  OK  [0m] Started Commit a transient machine-id on disk.
[[0;32m  OK  [0m] Found device /dev/ttyS0.
[[0;32m  OK  [0m] Listening on Load/Save RF Kill Switch Status /dev/rfkill Watch.
[   21.672827] cloud-init[453]: Cloud-init v. 0.7.9 running 'init-local' at Tue, 23 Jan 2018 05:30:12 +0000. Up 21.15 seconds.
[[0;32m  OK  [0m] Reached target System Time Synchronized.
         Starting Update UTMP about System Boot/Shutdown...
[[0;32m  OK  [0m] Started LSB: AppArmor initialization.
[[0;32m  OK  [0m] Started Set console font and keymap.
[[0;32m  OK  [0m] Started Initial cloud-init job (pre-networking).
[[0;32m  OK  [0m] Started Update UTMP about System Boot/Shutdown.
[[0;32m  OK  [0m] Reached target Network (Pre).
[[0;32m  OK  [0m] Created slice system-getty.slice.
         Starting Raise network interfaces...
[[0;32m  OK  [0m] Started Raise network interfaces.
[[0;32m  OK  [0m] Reached target Network.
         Starting Initial cloud-init job (metadata service crawler)...
[   25.300228] cloud-init[926]: Cloud-init v. 0.7.9 running 'init' at Tue, 23 Jan 2018 05:30:16 +0000. Up 24.61 seconds.
[   25.315036] cloud-init[926]: ci-info: +++++++++++++++++++++++++++++++++++++Net device info+++++++++++++++++++++++++++++++++++++
[   25.318264] cloud-init[926]: ci-info: +--------+------+---------------------------+---------------+-------+-------------------+
[   25.333137] cloud-init[926]: ci-info: | Device |  Up  |          Address          |      Mask     | Scope |     Hw-Address    |
[   25.383288] [cloud-init[0;32m  OK  [0m[926]: ] ci-info: +--------+------+---------------------------+---------------+-------+-------------------+Started Initial cloud-init job (metadata service crawler).

[   25.424493] [cloud-init[0;32m  OK  [0m[926]: ] ci-info: | enp0s3 | True |         10.0.2.15         | 255.255.255.0 |   .   | 02:04:e4:df:e4:d8 |Reached target System Initialization.

[   25.425574] cloud-init[926]: ci-info: | enp0s3 | True | fe80::4:e4ff:fedf:e4d8/64 |       .       |  link | 02:04:e4:df:e4:d8 |
[   25.512729]          cloud-initStarting LXD - unix socket.[926]: 
ci-info: |   lo   | True |         127.0.0.1         |   255.0.0.0   |   .   |         .         |
[   25.553229] [cloud-init[0;32m  OK  [0m[926]: ] ci-info: |   lo   | True |          ::1/128          |       .       |  host |         .         |Started ACPI Events Check.

[   25.652938] [cloud-init[0;32m  OK  [0m[926]: ] ci-info: +--------+------+---------------------------+---------------+-------+-------------------+Reached target Paths.

[   25.732786] [cloud-init[0;32m  OK  [0m[926]: ] ci-info: +++++++++++++++++++++++++++Route IPv4 info++++++++++++++++++++++++++++Started Daily Cleanup of Temporary Directories.

         Starting Socket activation for snappy daemon.
[[0;32m  OK  [0m] Listening on UUID daemon activation socket.
[   25.733493] cloud-init[926]: ci-info: +-------+-------------+----------+---------------+-----------+-------+
[   25.818297] [cloud-init[0;32m  OK  [0m[926]: ] ci-info: | Route | Destination | Gateway  |    Genmask    | Interface | Flags |Started Timer to automatically refresh installed snaps.

[   25.868220] [cloud-init[0;32m  OK  [0m[926]: ] ci-info: +-------+-------------+----------+---------------+-----------+-------+Listening on D-Bus System Message Bus Socket.

[   25.868715] [[0;32m  OK  [0m] Listening on ACPID Listen Socket.
[[0;32m  OK  [0m] Reached target Cloud-config availability.
cloud-init[926]: ci-info: |   0   |   0.0.0.0   | 10.0.2.2 |    0.0.0.0    |   enp0s3  |   UG  |
[[0;32m  OK  [0m] Reached target Network is Online.
[   26.003954] cloud-init[926]: ci-info: |   1   |   10.0.2.0  | 0.0.0.0  | 255.255.255.0 |   enp0s3  |   U   |
[   26.133221]          cloud-initStarting iSCSI initiator daemon (iscsid)...[926]: 
ci-info: +-------+-------------+----------+---------------+-----------+-------+
[   26.264389] [cloud-init[0;32m  OK  [0m[926]: ] Generating public/private rsa key pair.Started Daily apt download activities.

[   26.376497] [cloud-init[0;32m  OK  [0m[926]: ] Your identification has been saved in /etc/ssh/ssh_host_rsa_key.Started Daily apt upgrade and clean activities.

[   26.460856] [cloud-init[0;32m  OK  [0m[926]: ] Your public key has been saved in /etc/ssh/ssh_host_rsa_key.pub.Reached target Timers.

[   26.461313] cloud-init[926]: The key fingerprint is:
[   26.673351] [cloud-init[0;32m  OK  [0m[926]: ] SHA256:d/jEnBFhiR/3pldKjtYiLwpeY589O9XqPAyUBCPzLdM root@ubuntu-xenialListening on LXD - unix socket.

[   26.780773] [cloud-init[0;32m  OK  [0m[926]: ] The key's randomart image is:Listening on Socket activation for snappy daemon.

[   26.781216] cloud-init[926]: +---[RSA 2048]----+
[   26.837028] cloud-init[926]: |        o oo+o   |
[   26.842532] cloud-init[926]: |         +.=+..  |
[   26.846264] cloud-init[926]: |          +oE+ . |
[   26.847903] cloud-init[926]: |           *+o. +|
[   26.847998] cloud-init[926]: |        S o.*= =.|
[[0;32m  OK  [0m] Started iSCSI initiator daemon (iscsid).
[   26.848052] cloud-init[926]: |         ..+= * o|
[   26.917425] cloud-init[926]: |      . +  +.= o |
[   26.933131]          Starting Login to default iSCSI targets...
[[0;32m  OK  [0m] Reached target Sockets.
cloud-init[926]: |     . + o.o+.+  |
[   26.970081] cloud-init[926]: |      . ..o.o=o. |
[[0;32m  OK  [0m] Reached target Basic System.
[   26.974523] cloud-init[926]: +----[SHA256]-----+
[   27.045213] cloud-init[926]: Generating public/private dsa key pair.
         Starting Login Service...
[   27.046153] cloud-init[926]: Your identification has been saved in /etc/ssh/ssh_host_dsa_key.
[   27.149314]          cloud-initStarting Apply the settings specified in cloud-config...[926]: 
Your public key has been saved in /etc/ssh/ssh_host_dsa_key.pub.
[   27.180546] [cloud-init[0;32m  OK  [0m[926]: ] The key fingerprint is:Started Unattended Upgrades Shutdown.

[   27.260402]          cloud-initStarting LSB: Record successful boot for GRUB...[926]: 
SHA256:eW13tfvgHG9R/cWPpwB9Y8SSgPCEblrofE1VFoTcj+Y root@ubuntu-xenial
[[0;32m  OK  [0m] Started Snappy daemon.
[   27.416731] cloud-init[926]: The key's randomart image is:
[   27.516570]          cloud-initStarting LXD - container startup/shutdown...[926]: 
+---[DSA 1024]----+
[   27.552843] [cloud-init[0;32m  OK  [0m[926]: ] |      .o.o.*=+   |Started Deferred execution scheduler.

         Starting Pollinate to seed the pseudo random number generator...
[   27.610947] cloud-init[926]: |      .o. +.+ o  |
[   27.641145]          cloud-initStarting Auto import assertions from block devices...[926]: 
|     o  .. . = .o|
[   27.709723]          cloud-initStarting System Logging Service...[926]: 
|    . + ....+ = B|
[   27.768549]          cloud-initStarting Accounts Service...[926]: 
|   o + oS .+oo.+*|
[   27.792722]          cloud-initStarting /etc/rc.local Compatibility...[926]: 
|    + . .. .E..o=|
[[0;32m  OK  [0m] Started Regular background program processing daemon.
[   27.815954] cloud-init[926]: |     .       .o+.|
[   27.824593] cloud-init[926]: |             o.+o|
[   27.833596] cloud-init[926]: |              o.o|
[   27.856746] cloud-init[926]: +----[SHA256]-----+
[[0;32m  OK  [0m] Started ACPI event daemon.
[   27.897605] cloud-init[926]: Generating public/private ecdsa key pair.
[   27.943387] cloud-init[926]: Your identification has been saved in /etc/ssh/ssh_host_ecdsa_key.
[   27.981193] cloud-init[926]: Your public key has been saved in /etc/ssh/ssh_host_ecdsa_key.pub.
[   27.981744] cloud-init[926]: The key fingerprint is:
[[0;32m  OK  [0m] Started D-Bus System Message Bus.
[   27.981871] cloud-init[926]: SHA256:5Zn07gBKdgm4/lEQitK4lqWv0CCyXt5NLhnZ6cKMDaE root@ubuntu-xenial
         Starting LSB: MD monitoring daemon...
[   28.050956] cloud-init[926]: The key's randomart image is:
[   28.171975] cloud-init[926]: +---[ECDSA 256]---+
[   28.208442] [cloud-init[0;32m  OK  [0m[926]: ] |      .          |Started FUSE filesystem for LXC.

[   28.228343] [cloud-init[0;32m  OK  [0m[926]: ] | o . o .         |Started System Logging Service.

[   28.246203] [cloud-init[0;32m  OK  [0m[926]: ] |o o.o o   o      |Started LXD - container startup/shutdown.

[   28.246959] [cloud-init[0;32m  OK  [0m[926]: ] | o+. . o = +     |Started Auto import assertions from block devices.

[[0;32m  OK  [0m] Started /etc/rc.local Compatibility.
[   28.356773] cloud-init[926]: |=+. o = S + .    |
[   28.411319] cloud-init[926]: |+E.o = * . .     |
[   28.432971] cloud-init[926]: |o .oB *.  . .    |
[   28.441890] cloud-init[926]: |o +..O+o   o     |
[   28.465007] [cloud-init[0;32m  OK  [0m[926]: ] | o . .+o    .    |Started LSB: Record successful boot for GRUB.

[   28.520670] [[0;32m  OK  [0m] Started Login to default iSCSI targets.
cloud-init[926]: +----[SHA256]-----+
[   28.604440] cloud-init[926]: Generating public/private ed25519 key pair.
[   28.622167] cloud-init[926]: Your identification has been saved in /etc/ssh/ssh_host_ed25519_key.
[   28.684425] [cloud-init[0;32m  OK  [0m[926]: ] Your public key has been saved in /etc/ssh/ssh_host_ed25519_key.pub.Started Login Service.

[   28.685448] [[0;32m  OK  [0m] Started LSB: MD monitoring daemon.
cloud-init[926]: The key fingerprint is:
[   28.765044] cloud-init[926]: SHA256:Vn5ldZi+3bjlENHaD8P2UFXLXZ+ERBAXb8s1VNoW39Q root@ubuntu-xenial
[   28.853091]          cloud-initStarting Authenticate and Authorize Users to Run Privileged Tasks...[926]: 
The key's randomart image is:
[   28.932561] [cloud-init[0;32m  OK  [0m[926]: ] +--[ED25519 256]--+Reached target Remote File Systems (Pre).

[[0;32m  OK  [0m] Reached target Remote File Systems.
[   28.933173] cloud-init[926]: |           o==oB&|
         Starting LSB: Set the CPU Frequency Scaling governor to "ondemand"...
[   29.031426] cloud-init[926]: |            ..O=E|
[   29.063160] cloud-init[926]: |          .  o+%O|
[   29.072322] cloud-init[926]: |         o   o%.=|
[   29.088833] cloud-init[926]: |        S . .. %o|
         Starting Permit User Sessions...
[   29.107488] cloud-init[926]: |       .   .  + *|
         Starting LSB: VirtualBox Linux Additions...
[   29.132100]          cloud-initStarting LSB: automatic crash report generation...[926]: 
|               = |
[   29.167136]          cloud-initStarting LSB: daemon to balance interrupts for SMP systems...[926]: 
|              . .|
[   29.236365] [cloud-init[0;32m  OK  [0m[926]: ] |                 |Started Pollinate to seed the pseudo random number generator.

[   29.236867] cloud-init[926]: +----[SHA256]-----+
[[0;32m  OK  [0m] Started Permit User Sessions.
[   29.268908] cloud-init[1027]: Generating locales (this might take a while)...
[[0;32m  OK  [0m] Started Authenticate and Authorize Users to Run Privileged Tasks.
[[0;32m  OK  [0m] Started Accounts Service.
[[0;32m  OK  [0m] Started LSB: Set the CPU Frequency Scaling governor to "ondemand".
         Starting Hold until boot process finishes up...
         Starting Terminate Plymouth Boot Screen...
         Starting OpenBSD Secure Shell server...
[[0;32m  OK  [0m] Started LSB: VirtualBox Linux Additions.
[[0;32m  OK  [0m] Started LSB: automatic crash report generation.
[[0;32m  OK  [0m] Started LSB: daemon to balance interrupts for SMP systems.
[[0;32m  OK  [0m] Started Hold until boot process finishes up.
[[0;32m  OK  [0m] Started Terminate Plymouth Boot Screen.
[[0;32m  OK  [0m] Started OpenBSD Secure Shell server.
[   29.629238] cloud-init[1027]:   en_US.UTF-8... done
[[0;32m  OK  [0m] Started Getty on tty1.
[   29.740988] cloud-init[1027]: Generation complete.
[[0;32m  OK  [0m] Started Serial Getty on ttyS0.
[[0;32m  OK  [0m] Reached target Login Prompts.
         Starting Set console scheme...
[[0;32m  OK  [0m] Reached target Multi-User System.
[[0;32m  OK  [0m] Reached target Graphical Interface.
         Starting Update UTMP about System Runlevel Changes...
[[0;32m  OK  [0m] Started Set console scheme.
[[0;32m  OK  [0m] Started Update UTMP about System Runlevel Changes.
         Stopping OpenBSD Secure Shell server...
[[0;32m  OK  [0m] Stopped OpenBSD Secure Shell server.
         Starting OpenBSD Secure Shell server...
[[0;32m  OK  [0m] Started OpenBSD Secure Shell server.
[   30.640962] cloud-init[1027]: Cloud-init v. 0.7.9 running 'modules:config' at Tue, 23 Jan 2018 05:30:19 +0000. Up 27.87 seconds.
[[0;32m  OK  [0m] Started Apply the settings specified in cloud-config.
         Starting Execute cloud user/final scripts...
ci-info: no authorized ssh keys fingerprints found for user ubuntu.
<14>Jan 23 05:30:23 ec2: 
<14>Jan 23 05:30:23 ec2: #############################################################
<14>Jan 23 05:30:23 ec2: -----BEGIN SSH HOST KEY FINGERPRINTS-----
<14>Jan 23 05:30:23 ec2: 1024 SHA256:eW13tfvgHG9R/cWPpwB9Y8SSgPCEblrofE1VFoTcj+Y root@ubuntu-xenial (DSA)
<14>Jan 23 05:30:23 ec2: 256 SHA256:5Zn07gBKdgm4/lEQitK4lqWv0CCyXt5NLhnZ6cKMDaE root@ubuntu-xenial (ECDSA)
<14>Jan 23 05:30:23 ec2: 256 SHA256:Vn5ldZi+3bjlENHaD8P2UFXLXZ+ERBAXb8s1VNoW39Q root@ubuntu-xenial (ED25519)
<14>Jan 23 05:30:23 ec2: 2048 SHA256:d/jEnBFhiR/3pldKjtYiLwpeY589O9XqPAyUBCPzLdM root@ubuntu-xenial (RSA)
<14>Jan 23 05:30:23 ec2: -----END SSH HOST KEY FINGERPRINTS-----
<14>Jan 23 05:30:23 ec2: #############################################################
-----BEGIN SSH HOST KEY KEYS-----
ecdsa-sha2-nistp256 AAAAE2VjZHNhLXNoYTItbmlzdHAyNTYAAAAIbmlzdHAyNTYAAABBBG8TdAjHqLgK/X4I1MUWYZYXIrs9dEf+JtHV/MX8F7PsXK8plu1DUHhBHIkytgDGUEn3UskrV0ShOM6yF7jJJa8= root@ubuntu-xenial
ssh-ed25519 AAAAC3NzaC1lZDI1NTE5AAAAIGlxSRV/lZ1Tk630NptMvsHyLUhMdMfcuHnUyC9vpSGH root@ubuntu-xenial
ssh-rsa AAAAB3NzaC1yc2EAAAADAQABAAABAQDWfem8V26NiC3pe1W9wtkiUdvqN5nhFMNQcEf8+x+oXBSXS+yl6QyijIuxNP/qlDIftNTlBUubREtwsgBWi9ifygTjCss82TUOe0yVP38oZGpoBUZPi6+4Yc6Kf4bxmZxBzgmQJq6LAvBYnYN8x2f0u2j6T9uIOWZYdRI/pAsV7SdCNEUAkjSj0oFleZKEqL7TsSqreF4IlFhpUNPPVJtpt5Ea3eW1e8Oeelf8x6S+UjiVpcYEmToTpsDSf9/VVrY748QyTFBx1J3qKtNfRPe/IX+GOmI4N8JH++lgrV6cHTXgzrT6YTm8QwZVI1HySOkxN3FJ1243Mba4KOTTsiDt root@ubuntu-xenial
-----END SSH HOST KEY KEYS-----
[   31.709586] cloud-init[1294]: Cloud-init v. 0.7.9 running 'modules:final' at Tue, 23 Jan 2018 05:30:22 +0000. Up 31.22 seconds.
[   31.751102] cloud-init[1294]: ci-info: no authorized ssh keys fingerprints found for user ubuntu.
[   31.772711] cloud-init[1294]: Cloud-init v. 0.7.9 finished at Tue, 23 Jan 2018 05:30:23 +0000. Datasource DataSourceNoCloud [seed=/dev/sdb][dsmode=net].  Up 31.70 seconds
[[0;32m  OK  [0m] Started Execute cloud user/final scripts.
[[0;32m  OK  [0m] Reached target Cloud-init target.

Ubuntu 16.04.3 LTS ubuntu-xenial ttyS0

ubuntu-xenial login: 